$ mkdir test

$ cd test

$ touch index.html

$ touch styles.css

$ git init

$ git add .

$ git commit -m "update html"

$ git add .

$ git commit -m "update css"

$ git log

commit 8cbb14f5dd800df38e216163ede2ab865227a8ea (HEAD -> master)
Author: Ameer Baghdadi <ameer.r.baghdadi@gmail.com>
Date:   Sun Sep 4 11:30:16 2022 +0300

    update css

commit 8dd0d273917728378aa014cf7fcf635b55901d38
Author: Ameer Baghdadi <ameer.r.baghdadi@gmail.com>
Date:   Sun Sep 4 11:28:42 2022 +0300

    update html

$ git revert 8cbb14f5dd800df38e216163ede2ab865227a8ea
On branch master
Untracked files:
  (use "git add <file>..." to include in what will be committed)
        README.md
        commands.txt.txt

nothing added to commit but untracked files present (use "git add" to track)


